../Core/Src/input_processing.c:37:6:resetTrafficLight	4	static
../Core/Src/input_processing.c:46:6:toggleLED	8	static
../Core/Src/input_processing.c:50:6:displayPLED	8	static
../Core/Src/input_processing.c:67:6:transmitMessage	16	static
../Core/Src/input_processing.c:71:6:inputProcessingInit	16	static
../Core/Src/input_processing.c:97:6:increaseOne	16	static
../Core/Src/input_processing.c:101:6:modifyingValue	8	static
../Core/Src/input_processing.c:142:6:changingMode	8	static
../Core/Src/input_processing.c:199:6:setValue	8	static
../Core/Src/input_processing.c:241:6:handlePedestrianPressedEvent	4	static
../Core/Src/input_processing.c:260:6:inputProcessingFSM	16	static
../Core/Src/input_processing.c:282:6:handleSetValueButton	8	static
../Core/Src/input_processing.c:286:6:handleModifyButton	8	static
../Core/Src/input_processing.c:301:6:handleSelectModeButton	8	static
../Core/Src/input_processing.c:306:6:handlePedestrianButton	8	static
../Core/Src/input_processing.c:312:6:buzzerNoBeep	4	static
../Core/Src/input_processing.c:317:6:buzzerToggleBeep	4	static
../Core/Src/input_processing.c:321:9:divisionFactor	16	static
../Core/Src/input_processing.c:349:6:displayingDuration	40	static
../Core/Src/input_processing.c:379:6:trafficLightFSM	16	static
../Core/Src/input_processing.c:415:6:pedestrianStateFSM	8	static
../Core/Src/input_processing.c:445:6:runStateFSM	8	static
