../Core/Src/main.c:78:5:main	8	static
../Core/Src/main.c:138:6:SystemClock_Config	72	static
../Core/Src/main.c:177:13:MX_I2C2_Init	8	static
../Core/Src/main.c:211:13:MX_TIM2_Init	32	static
../Core/Src/main.c:256:13:MX_USART2_UART_Init	8	static
../Core/Src/main.c:289:13:MX_GPIO_Init	40	static
../Core/Src/main.c:353:6:HAL_TIM_PeriodElapsedCallback	16	static
../Core/Src/main.c:356:6:blinkingLED	8	static
../Core/Src/main.c:359:6:toggleBuzzer	8	static
../Core/Src/main.c:362:6:readInputAndProcessing	8	static
../Core/Src/main.c:374:6:Error_Handler	4	static,ignoring_inline_asm
