../Core/Src/main.c:77:5:main	8	static
../Core/Src/main.c:136:6:SystemClock_Config	72	static
../Core/Src/main.c:175:13:MX_I2C2_Init	8	static
../Core/Src/main.c:209:13:MX_TIM2_Init	32	static
../Core/Src/main.c:254:13:MX_USART2_UART_Init	8	static
../Core/Src/main.c:287:13:MX_GPIO_Init	40	static
../Core/Src/main.c:348:6:HAL_TIM_PeriodElapsedCallback	16	static
../Core/Src/main.c:351:6:blinkingLED	8	static
../Core/Src/main.c:354:6:readInputAndProcessing	8	static
../Core/Src/main.c:366:6:Error_Handler	4	static,ignoring_inline_asm
