../Core/Src/input_processing.c:40:6:resetTrafficLight	4	static
../Core/Src/input_processing.c:44:6:toggleLED	8	static
../Core/Src/input_processing.c:48:6:transmitMessage	16	static
../Core/Src/input_processing.c:52:6:inputProcessingInit	16	static
../Core/Src/input_processing.c:80:6:increaseOne	16	static
../Core/Src/input_processing.c:84:6:modifyingValue	8	static
../Core/Src/input_processing.c:99:6:changingMode	8	static
../Core/Src/input_processing.c:127:6:setValue	4	static
../Core/Src/input_processing.c:143:6:inputProcessingFSM	16	static
../Core/Src/input_processing.c:165:6:handleSetValueButton	8	static
../Core/Src/input_processing.c:170:6:handleModifyButton	8	static
../Core/Src/input_processing.c:188:6:handleSelectModeButton	8	static
../Core/Src/input_processing.c:194:6:handlePedestrianButton	8	static
../Core/Src/input_processing.c:199:6:displayingDuration	40	static
../Core/Src/input_processing.c:227:6:trafficLightFSM	16	static
../Core/Src/input_processing.c:264:6:runStateFSM	8	static
