../Core/Src/input_processing.c:40:6:resetTrafficLight	4	static
../Core/Src/input_processing.c:44:6:transmitMessage	16	static
../Core/Src/input_processing.c:49:6:inputProcessingInit	16	static
../Core/Src/input_processing.c:73:6:increaseOne	16	static
../Core/Src/input_processing.c:77:6:modifyingValue	8	static
../Core/Src/input_processing.c:92:6:changingMode	8	static
../Core/Src/input_processing.c:120:6:setValue	4	static
../Core/Src/input_processing.c:137:6:inputProcessingFSM	16	static
../Core/Src/input_processing.c:159:6:handleSetValueButton	8	static
../Core/Src/input_processing.c:162:6:handleModifyButton	8	static
../Core/Src/input_processing.c:176:6:handleSelectModeButton	8	static
../Core/Src/input_processing.c:180:6:trafficLightFSM	16	static
../Core/Src/input_processing.c:226:6:runStateFSM	8	static
